// Jest Snapshot v1, https://goo.gl/fbAQLP

exports[`Card should match snapshot 1`] = `
.c0 {
  position: relative;
  display: inline-block;
  width: 25%;
  padding: 0.75rem;
}

.c1 {
  padding-left: 0.75rem;
  padding-right: 0.75rem;
  background-color: #313E4C;
  box-shadow: 0 15px 30px 0 rgba(0,0,0,0.11),0 5px 15px 0 rgba(0,0,0,0.08);
  color: #F5F5F6;
  border-radius: .25rem;
  display: -webkit-box;
  display: -webkit-flex;
  display: -ms-flexbox;
  display: flex;
  min-height: 0px;
}

<a
  className="c0"
  href="/blog"
>
  <div
    className="c1"
  >
    blog
  </div>
</a>
`;
