// Jest Snapshot v1, https://goo.gl/fbAQLP

exports[`Navbar should match snapshot 1`] = `
.c0 {
  display: -webkit-box;
  display: -webkit-flex;
  display: -ms-flexbox;
  display: flex;
  -webkit-flex-wrap: row;
  -ms-flex-wrap: row;
  flex-wrap: row;
  fontofacolor: black;
  -webkit-box-pack: center;
  -webkit-justify-content: center;
  -ms-flex-pack: center;
  justify-content: center;
}

.c0::before {
  position: absolute;
  width: 100vw;
  height: 3em;
  content: '';
  background-color: white;
}

.c1 {
  margin-left: 1.5rem;
  margin-right: 1.5rem;
  margin-top: 0.5rem;
  margin-bottom: 0.5rem;
  padding-top: 0.5rem;
  padding-bottom: 0.5rem;
  font-weight: 700;
  position: relative;
  display: block;
}

<nav
  className="c0"
>
  <a
    className="c1"
  >
    Projects
  </a>
  <a
    className="c1"
  >
    Bio
  </a>
  <a
    className="c1"
  >
    Blog
  </a>
  <a
    className="c1"
  >
    Connect
  </a>
</nav>
`;
