// Jest Snapshot v1, https://goo.gl/fbAQLP

exports[`Article should match snapshot 1`] = `
<div
  className=""
>
  <section
    className="section"
  >
    <div
      className="container"
    >
      <div
        className="content"
      >
        <h1
          className="has-text-weight-bold is-size-2"
        >
          A Title
        </h1>
      </div>
      <div
        className="content"
        style={
          Object {
            "border": "1px solid #eaecee",
            "padding": "2em 4em",
          }
        }
      >
        <p>
          <a
            className="has-text-primary"
            href=""
          >
            
          </a>
          <span>
             • 
          </span>
          <small>
            
             - posted by
             
            <a
              href="/author/undefined"
            />
          </small>
        </p>
        <div>
          <div
            dangerouslySetInnerHTML={
              Object {
                "__html": "",
              }
            }
          />
          <a
            className="button is-small"
            href=""
          >
            Keep Reading →
          </a>
        </div>
      </div>
    </div>
  </section>
</div>
`;
